#! /usr/bin/vvp
:ivl_version "12.0 (stable)";
:ivl_delay_selection "TYPICAL";
:vpi_time_precision - 12;
:vpi_module "/usr/lib/x86_64-linux-gnu/ivl/system.vpi";
:vpi_module "/usr/lib/x86_64-linux-gnu/ivl/vhdl_sys.vpi";
:vpi_module "/usr/lib/x86_64-linux-gnu/ivl/vhdl_textio.vpi";
:vpi_module "/usr/lib/x86_64-linux-gnu/ivl/v2005_math.vpi";
:vpi_module "/usr/lib/x86_64-linux-gnu/ivl/va_math.vpi";
:vpi_module "/usr/lib/x86_64-linux-gnu/ivl/v2009.vpi";
S_0x5a1bc1701720 .scope package, "$unit" "$unit" 2 1;
 .timescale 0 0;
enum0x5a1bc16e81c0 .enum4 (4)
   "ALU_ADD" 4'b0000,
   "ALU_SUB" 4'b0001,
   "ALU_AND" 4'b0010,
   "ALU_OR" 4'b0011,
   "ALU_XOR" 4'b0100,
   "ALU_SLL" 4'b0101,
   "ALU_SRL" 4'b0110,
   "ALU_SRA" 4'b0111,
   "ALU_SLT" 4'b1000,
   "ALU_SLTU" 4'b1001
 ;
S_0x5a1bc17018b0 .scope module, "alu_tb" "alu_tb" 3 3;
 .timescale -9 -12;
v0x5a1bc1736fc0_0 .var "a", 31 0;
v0x5a1bc17370a0_0 .var "b", 31 0;
v0x5a1bc1737170_0 .var/2s "errors", 31 0;
v0x5a1bc1737240_0 .var "op", 3 0;
v0x5a1bc1737330_0 .net "result", 31 0, v0x5a1bc1736d30_0;  1 drivers
v0x5a1bc1737420_0 .net "zero", 0 0, L_0x5a1bc1747560;  1 drivers
S_0x5a1bc16fc800 .scope autotask, "check" "check" 3 20, 3 20 0, S_0x5a1bc17018b0;
 .timescale -9 -12;
v0x5a1bc16fc9e0_0 .var "a_in", 31 0;
v0x5a1bc1736370_0 .var "b_in", 31 0;
v0x5a1bc1736450_0 .var "expected", 31 0;
v0x5a1bc1736510_0 .var/str "name";
v0x5a1bc17365d0_0 .var "op_in", 3 0;
TD_alu_tb.check ;
    %load/vec4 v0x5a1bc16fc9e0_0;
    %store/vec4 v0x5a1bc1736fc0_0, 0, 32;
    %load/vec4 v0x5a1bc1736370_0;
    %store/vec4 v0x5a1bc17370a0_0, 0, 32;
    %load/vec4 v0x5a1bc17365d0_0;
    %store/vec4 v0x5a1bc1737240_0, 0, 4;
    %delay 1000, 0;
    %load/vec4 v0x5a1bc1737330_0;
    %load/vec4 v0x5a1bc1736450_0;
    %cmp/ne;
    %jmp/0xz  T_0.0, 6;
    %vpi_call/w 3 32 "$display", "FAIL  %-6s  a=%0d b=%0d  got=%0d  expected=%0d", v0x5a1bc1736510_0, v0x5a1bc16fc9e0_0, v0x5a1bc1736370_0, v0x5a1bc1737330_0, v0x5a1bc1736450_0 {0 0 0};
    ; show_stmt_assign_vector: Get l-value for compressed += operand
    %load/vec4 v0x5a1bc1737170_0;
    %pushi/vec4 1, 0, 32;
    %add;
    %cast2;
    %store/vec4 v0x5a1bc1737170_0, 0, 32;
    %jmp T_0.1;
T_0.0 ;
    %vpi_call/w 3 36 "$display", "pass  %-6s  a=%0d b=%0d  result=%0d", v0x5a1bc1736510_0, v0x5a1bc16fc9e0_0, v0x5a1bc1736370_0, v0x5a1bc1737330_0 {0 0 0};
T_0.1 ;
    %end;
S_0x5a1bc1736700 .scope module, "dut" "alu" 3 12, 4 14 0, S_0x5a1bc17018b0;
 .timescale 0 0;
    .port_info 0 /INPUT 32 "a";
    .port_info 1 /INPUT 32 "b";
    .port_info 2 /INPUT 4 "op";
    .port_info 3 /OUTPUT 32 "result";
    .port_info 4 /OUTPUT 1 "zero";
L_0x7211479b7018 .functor BUFT 1, C4<00000000000000000000000000000000>, C4<0>, C4<0>, C4<0>;
v0x5a1bc1736980_0 .net/2u *"_ivl_0", 31 0, L_0x7211479b7018;  1 drivers
v0x5a1bc1736a80_0 .net "a", 31 0, v0x5a1bc1736fc0_0;  1 drivers
v0x5a1bc1736b60_0 .net "b", 31 0, v0x5a1bc17370a0_0;  1 drivers
v0x5a1bc1736c50_0 .net "op", 3 0, v0x5a1bc1737240_0;  1 drivers
v0x5a1bc1736d30_0 .var "result", 31 0;
v0x5a1bc1736e60_0 .net "zero", 0 0, L_0x5a1bc1747560;  alias, 1 drivers
E_0x5a1bc1702740 .event anyedge, v0x5a1bc1736c50_0, v0x5a1bc1736a80_0, v0x5a1bc1736b60_0, v0x5a1bc1736b60_0;
L_0x5a1bc1747560 .cmp/eq 32, v0x5a1bc1736d30_0, L_0x7211479b7018;
    .scope S_0x5a1bc1736700;
T_1 ;
Ewait_0 .event/or E_0x5a1bc1702740, E_0x0;
    %wait Ewait_0;
    %load/vec4 v0x5a1bc1736c50_0;
    %dup/vec4;
    %pushi/vec4 0, 0, 4;
    %cmp/u;
    %jmp/1 T_1.0, 6;
    %dup/vec4;
    %pushi/vec4 1, 0, 4;
    %cmp/u;
    %jmp/1 T_1.1, 6;
    %dup/vec4;
    %pushi/vec4 2, 0, 4;
    %cmp/u;
    %jmp/1 T_1.2, 6;
    %dup/vec4;
    %pushi/vec4 3, 0, 4;
    %cmp/u;
    %jmp/1 T_1.3, 6;
    %dup/vec4;
    %pushi/vec4 4, 0, 4;
    %cmp/u;
    %jmp/1 T_1.4, 6;
    %dup/vec4;
    %pushi/vec4 5, 0, 4;
    %cmp/u;
    %jmp/1 T_1.5, 6;
    %dup/vec4;
    %pushi/vec4 6, 0, 4;
    %cmp/u;
    %jmp/1 T_1.6, 6;
    %dup/vec4;
    %pushi/vec4 7, 0, 4;
    %cmp/u;
    %jmp/1 T_1.7, 6;
    %dup/vec4;
    %pushi/vec4 8, 0, 4;
    %cmp/u;
    %jmp/1 T_1.8, 6;
    %dup/vec4;
    %pushi/vec4 9, 0, 4;
    %cmp/u;
    %jmp/1 T_1.9, 6;
    %pushi/vec4 0, 0, 32;
    %store/vec4 v0x5a1bc1736d30_0, 0, 32;
    %jmp T_1.11;
T_1.0 ;
    %load/vec4 v0x5a1bc1736a80_0;
    %load/vec4 v0x5a1bc1736b60_0;
    %add;
    %store/vec4 v0x5a1bc1736d30_0, 0, 32;
    %jmp T_1.11;
T_1.1 ;
    %load/vec4 v0x5a1bc1736a80_0;
    %load/vec4 v0x5a1bc1736b60_0;
    %sub;
    %store/vec4 v0x5a1bc1736d30_0, 0, 32;
    %jmp T_1.11;
T_1.2 ;
    %load/vec4 v0x5a1bc1736a80_0;
    %load/vec4 v0x5a1bc1736b60_0;
    %and;
    %store/vec4 v0x5a1bc1736d30_0, 0, 32;
    %jmp T_1.11;
T_1.3 ;
    %load/vec4 v0x5a1bc1736a80_0;
    %load/vec4 v0x5a1bc1736b60_0;
    %or;
    %store/vec4 v0x5a1bc1736d30_0, 0, 32;
    %jmp T_1.11;
T_1.4 ;
    %load/vec4 v0x5a1bc1736a80_0;
    %load/vec4 v0x5a1bc1736b60_0;
    %xor;
    %store/vec4 v0x5a1bc1736d30_0, 0, 32;
    %jmp T_1.11;
T_1.5 ;
    %load/vec4 v0x5a1bc1736a80_0;
    %load/vec4 v0x5a1bc1736b60_0;
    %parti/s 5, 0, 2;
    %ix/vec4 4;
    %shiftl 4;
    %store/vec4 v0x5a1bc1736d30_0, 0, 32;
    %jmp T_1.11;
T_1.6 ;
    %load/vec4 v0x5a1bc1736a80_0;
    %load/vec4 v0x5a1bc1736b60_0;
    %parti/s 5, 0, 2;
    %ix/vec4 4;
    %shiftr 4;
    %store/vec4 v0x5a1bc1736d30_0, 0, 32;
    %jmp T_1.11;
T_1.7 ;
    %load/vec4 v0x5a1bc1736a80_0;
    %load/vec4 v0x5a1bc1736b60_0;
    %parti/s 5, 0, 2;
    %ix/vec4 4;
    %shiftr/s 4;
    %store/vec4 v0x5a1bc1736d30_0, 0, 32;
    %jmp T_1.11;
T_1.8 ;
    %load/vec4 v0x5a1bc1736a80_0;
    %load/vec4 v0x5a1bc1736b60_0;
    %cmp/s;
    %flag_mov 8, 5;
    %jmp/0 T_1.12, 8;
    %pushi/vec4 1, 0, 32;
    %jmp/1 T_1.13, 8;
T_1.12 ; End of true expr.
    %pushi/vec4 0, 0, 32;
    %jmp/0 T_1.13, 8;
 ; End of false expr.
    %blend;
T_1.13;
    %store/vec4 v0x5a1bc1736d30_0, 0, 32;
    %jmp T_1.11;
T_1.9 ;
    %load/vec4 v0x5a1bc1736a80_0;
    %load/vec4 v0x5a1bc1736b60_0;
    %cmp/u;
    %flag_mov 8, 5;
    %jmp/0 T_1.14, 8;
    %pushi/vec4 1, 0, 32;
    %jmp/1 T_1.15, 8;
T_1.14 ; End of true expr.
    %pushi/vec4 0, 0, 32;
    %jmp/0 T_1.15, 8;
 ; End of false expr.
    %blend;
T_1.15;
    %store/vec4 v0x5a1bc1736d30_0, 0, 32;
    %jmp T_1.11;
T_1.11 ;
    %pop/vec4 1;
    %jmp T_1;
    .thread T_1, $push;
    .scope S_0x5a1bc17018b0;
T_2 ;
    %pushi/vec4 0, 0, 32;
    %store/vec4 v0x5a1bc1737170_0, 0, 32;
    %end;
    .thread T_2, $init;
    .scope S_0x5a1bc17018b0;
T_3 ;
    %vpi_call/w 3 41 "$dumpfile", "alu.vcd" {0 0 0};
    %vpi_call/w 3 42 "$dumpvars", 32'sb00000000000000000000000000000000, S_0x5a1bc17018b0 {0 0 0};
    %alloc S_0x5a1bc16fc800;
    %pushi/vec4 10, 0, 32;
    %store/vec4 v0x5a1bc16fc9e0_0, 0, 32;
    %pushi/vec4 3, 0, 32;
    %store/vec4 v0x5a1bc1736370_0, 0, 32;
    %pushi/vec4 0, 0, 4;
    %store/vec4 v0x5a1bc17365d0_0, 0, 4;
    %pushi/vec4 13, 0, 32;
    %store/vec4 v0x5a1bc1736450_0, 0, 32;
    %pushi/str "ADD";
    %store/str v0x5a1bc1736510_0;
    %fork TD_alu_tb.check, S_0x5a1bc16fc800;
    %join;
    %free S_0x5a1bc16fc800;
    %alloc S_0x5a1bc16fc800;
    %pushi/vec4 10, 0, 32;
    %store/vec4 v0x5a1bc16fc9e0_0, 0, 32;
    %pushi/vec4 3, 0, 32;
    %store/vec4 v0x5a1bc1736370_0, 0, 32;
    %pushi/vec4 1, 0, 4;
    %store/vec4 v0x5a1bc17365d0_0, 0, 4;
    %pushi/vec4 7, 0, 32;
    %store/vec4 v0x5a1bc1736450_0, 0, 32;
    %pushi/str "SUB";
    %store/str v0x5a1bc1736510_0;
    %fork TD_alu_tb.check, S_0x5a1bc16fc800;
    %join;
    %free S_0x5a1bc16fc800;
    %alloc S_0x5a1bc16fc800;
    %pushi/vec4 255, 0, 32;
    %store/vec4 v0x5a1bc16fc9e0_0, 0, 32;
    %pushi/vec4 15, 0, 32;
    %store/vec4 v0x5a1bc1736370_0, 0, 32;
    %pushi/vec4 2, 0, 4;
    %store/vec4 v0x5a1bc17365d0_0, 0, 4;
    %pushi/vec4 15, 0, 32;
    %store/vec4 v0x5a1bc1736450_0, 0, 32;
    %pushi/str "AND";
    %store/str v0x5a1bc1736510_0;
    %fork TD_alu_tb.check, S_0x5a1bc16fc800;
    %join;
    %free S_0x5a1bc16fc800;
    %alloc S_0x5a1bc16fc800;
    %pushi/vec4 240, 0, 32;
    %store/vec4 v0x5a1bc16fc9e0_0, 0, 32;
    %pushi/vec4 15, 0, 32;
    %store/vec4 v0x5a1bc1736370_0, 0, 32;
    %pushi/vec4 3, 0, 4;
    %store/vec4 v0x5a1bc17365d0_0, 0, 4;
    %pushi/vec4 255, 0, 32;
    %store/vec4 v0x5a1bc1736450_0, 0, 32;
    %pushi/str "OR";
    %store/str v0x5a1bc1736510_0;
    %fork TD_alu_tb.check, S_0x5a1bc16fc800;
    %join;
    %free S_0x5a1bc16fc800;
    %alloc S_0x5a1bc16fc800;
    %pushi/vec4 255, 0, 32;
    %store/vec4 v0x5a1bc16fc9e0_0, 0, 32;
    %pushi/vec4 15, 0, 32;
    %store/vec4 v0x5a1bc1736370_0, 0, 32;
    %pushi/vec4 4, 0, 4;
    %store/vec4 v0x5a1bc17365d0_0, 0, 4;
    %pushi/vec4 240, 0, 32;
    %store/vec4 v0x5a1bc1736450_0, 0, 32;
    %pushi/str "XOR";
    %store/str v0x5a1bc1736510_0;
    %fork TD_alu_tb.check, S_0x5a1bc16fc800;
    %join;
    %free S_0x5a1bc16fc800;
    %alloc S_0x5a1bc16fc800;
    %pushi/vec4 1, 0, 32;
    %store/vec4 v0x5a1bc16fc9e0_0, 0, 32;
    %pushi/vec4 4, 0, 32;
    %store/vec4 v0x5a1bc1736370_0, 0, 32;
    %pushi/vec4 5, 0, 4;
    %store/vec4 v0x5a1bc17365d0_0, 0, 4;
    %pushi/vec4 16, 0, 32;
    %store/vec4 v0x5a1bc1736450_0, 0, 32;
    %pushi/str "SLL";
    %store/str v0x5a1bc1736510_0;
    %fork TD_alu_tb.check, S_0x5a1bc16fc800;
    %join;
    %free S_0x5a1bc16fc800;
    %alloc S_0x5a1bc16fc800;
    %pushi/vec4 16, 0, 32;
    %store/vec4 v0x5a1bc16fc9e0_0, 0, 32;
    %pushi/vec4 2, 0, 32;
    %store/vec4 v0x5a1bc1736370_0, 0, 32;
    %pushi/vec4 6, 0, 4;
    %store/vec4 v0x5a1bc17365d0_0, 0, 4;
    %pushi/vec4 4, 0, 32;
    %store/vec4 v0x5a1bc1736450_0, 0, 32;
    %pushi/str "SRL";
    %store/str v0x5a1bc1736510_0;
    %fork TD_alu_tb.check, S_0x5a1bc16fc800;
    %join;
    %free S_0x5a1bc16fc800;
    %alloc S_0x5a1bc16fc800;
    %pushi/vec4 4294967288, 0, 32;
    %store/vec4 v0x5a1bc16fc9e0_0, 0, 32;
    %pushi/vec4 1, 0, 32;
    %store/vec4 v0x5a1bc1736370_0, 0, 32;
    %pushi/vec4 7, 0, 4;
    %store/vec4 v0x5a1bc17365d0_0, 0, 4;
    %pushi/vec4 4294967292, 0, 32;
    %store/vec4 v0x5a1bc1736450_0, 0, 32;
    %pushi/str "SRA";
    %store/str v0x5a1bc1736510_0;
    %fork TD_alu_tb.check, S_0x5a1bc16fc800;
    %join;
    %free S_0x5a1bc16fc800;
    %alloc S_0x5a1bc16fc800;
    %pushi/vec4 4294967291, 0, 32;
    %store/vec4 v0x5a1bc16fc9e0_0, 0, 32;
    %pushi/vec4 3, 0, 32;
    %store/vec4 v0x5a1bc1736370_0, 0, 32;
    %pushi/vec4 8, 0, 4;
    %store/vec4 v0x5a1bc17365d0_0, 0, 4;
    %pushi/vec4 1, 0, 32;
    %store/vec4 v0x5a1bc1736450_0, 0, 32;
    %pushi/str "SLT";
    %store/str v0x5a1bc1736510_0;
    %fork TD_alu_tb.check, S_0x5a1bc16fc800;
    %join;
    %free S_0x5a1bc16fc800;
    %alloc S_0x5a1bc16fc800;
    %pushi/vec4 5, 0, 32;
    %store/vec4 v0x5a1bc16fc9e0_0, 0, 32;
    %pushi/vec4 3, 0, 32;
    %store/vec4 v0x5a1bc1736370_0, 0, 32;
    %pushi/vec4 9, 0, 4;
    %store/vec4 v0x5a1bc17365d0_0, 0, 4;
    %pushi/vec4 0, 0, 32;
    %store/vec4 v0x5a1bc1736450_0, 0, 32;
    %pushi/str "SLTU";
    %store/str v0x5a1bc1736510_0;
    %fork TD_alu_tb.check, S_0x5a1bc16fc800;
    %join;
    %free S_0x5a1bc16fc800;
    %alloc S_0x5a1bc16fc800;
    %pushi/vec4 7, 0, 32;
    %store/vec4 v0x5a1bc16fc9e0_0, 0, 32;
    %pushi/vec4 7, 0, 32;
    %store/vec4 v0x5a1bc1736370_0, 0, 32;
    %pushi/vec4 1, 0, 4;
    %store/vec4 v0x5a1bc17365d0_0, 0, 4;
    %pushi/vec4 0, 0, 32;
    %store/vec4 v0x5a1bc1736450_0, 0, 32;
    %pushi/str "ZERO";
    %store/str v0x5a1bc1736510_0;
    %fork TD_alu_tb.check, S_0x5a1bc16fc800;
    %join;
    %free S_0x5a1bc16fc800;
    %load/vec4 v0x5a1bc1737420_0;
    %cmpi/ne 1, 0, 1;
    %jmp/0xz  T_3.0, 6;
    %vpi_call/w 3 58 "$display", "FAIL  zero flag did not assert when result == 0" {0 0 0};
    ; show_stmt_assign_vector: Get l-value for compressed += operand
    %load/vec4 v0x5a1bc1737170_0;
    %pushi/vec4 1, 0, 32;
    %add;
    %cast2;
    %store/vec4 v0x5a1bc1737170_0, 0, 32;
T_3.0 ;
    %load/vec4 v0x5a1bc1737170_0;
    %cmpi/e 0, 0, 32;
    %jmp/0xz  T_3.2, 4;
    %vpi_call/w 3 63 "$display", "\012ALL TESTS PASSED" {0 0 0};
    %jmp T_3.3;
T_3.2 ;
    %vpi_call/w 3 65 "$display", "\012%0d TEST(S) FAILED", v0x5a1bc1737170_0 {0 0 0};
T_3.3 ;
    %vpi_call/w 3 67 "$finish" {0 0 0};
    %end;
    .thread T_3;
# The file index is used to find the file name in the following table.
:file_names 5;
    "N/A";
    "<interactive>";
    "-";
    "sim/alu_tb.sv";
    "rtl/alu.sv";
